// Jest Snapshot v1, https://goo.gl/fbAQLP

exports[`renders without crashing 1`] = `
ShallowWrapper {
  "length": 1,
  Symbol(enzyme.__root__): [Circular],
  Symbol(enzyme.__unrendered__): <App />,
  Symbol(enzyme.__renderer__): Object {
    "batchedUpdates": [Function],
    "getNode": [Function],
    "render": [Function],
    "simulateEvent": [Function],
    "unmount": [Function],
  },
  Symbol(enzyme.__node__): Object {
    "instance": null,
    "key": undefined,
    "nodeType": "class",
    "props": Object {
      "children": <BrowserRouter>
        <styled.div>
                <Route
                        component={[Function]}
                        exact={true}
                        path="/"
                />
                <Route
                        component={[Function]}
                        path="/search"
                />
                <Route
                        component={[Function]}
                        path="/tags"
                />
                <Route
                        component={[Function]}
                        path="/profile"
                />
                <Route
                        component={[Function]}
                        path="/create"
                />
                <Route
                        component={[Function]}
                        path="/recipe/:id"
                />
                <Navbar />
        </styled.div>
</BrowserRouter>,
      "store": Object {
        "dispatch": [Function],
        "getState": [Function],
        "replaceReducer": [Function],
        "subscribe": [Function],
        Symbol(observable): [Function],
      },
    },
    "ref": null,
    "rendered": Object {
      "instance": null,
      "key": undefined,
      "nodeType": "class",
      "props": Object {
        "children": <styled.div>
          <Route
                    component={[Function]}
                    exact={true}
                    path="/"
          />
          <Route
                    component={[Function]}
                    path="/search"
          />
          <Route
                    component={[Function]}
                    path="/tags"
          />
          <Route
                    component={[Function]}
                    path="/profile"
          />
          <Route
                    component={[Function]}
                    path="/create"
          />
          <Route
                    component={[Function]}
                    path="/recipe/:id"
          />
          <Navbar />
</styled.div>,
      },
      "ref": null,
      "rendered": Object {
        "instance": null,
        "key": undefined,
        "nodeType": "class",
        "props": Object {
          "children": Array [
            <Route
              component={[Function]}
              exact={true}
              path="/"
/>,
            <Route
              component={[Function]}
              path="/search"
/>,
            <Route
              component={[Function]}
              path="/tags"
/>,
            <Route
              component={[Function]}
              path="/profile"
/>,
            <Route
              component={[Function]}
              path="/create"
/>,
            <Route
              component={[Function]}
              path="/recipe/:id"
/>,
            <Navbar />,
          ],
        },
        "ref": null,
        "rendered": Array [
          Object {
            "instance": null,
            "key": undefined,
            "nodeType": "class",
            "props": Object {
              "component": [Function],
              "exact": true,
              "path": "/",
            },
            "ref": null,
            "rendered": null,
            "type": [Function],
          },
          Object {
            "instance": null,
            "key": undefined,
            "nodeType": "class",
            "props": Object {
              "component": [Function],
              "path": "/search",
            },
            "ref": null,
            "rendered": null,
            "type": [Function],
          },
          Object {
            "instance": null,
            "key": undefined,
            "nodeType": "class",
            "props": Object {
              "component": [Function],
              "path": "/tags",
            },
            "ref": null,
            "rendered": null,
            "type": [Function],
          },
          Object {
            "instance": null,
            "key": undefined,
            "nodeType": "class",
            "props": Object {
              "component": [Function],
              "path": "/profile",
            },
            "ref": null,
            "rendered": null,
            "type": [Function],
          },
          Object {
            "instance": null,
            "key": undefined,
            "nodeType": "class",
            "props": Object {
              "component": [Function],
              "path": "/create",
            },
            "ref": null,
            "rendered": null,
            "type": [Function],
          },
          Object {
            "instance": null,
            "key": undefined,
            "nodeType": "class",
            "props": Object {
              "component": [Function],
              "path": "/recipe/:id",
            },
            "ref": null,
            "rendered": null,
            "type": [Function],
          },
          Object {
            "instance": null,
            "key": undefined,
            "nodeType": "function",
            "props": Object {},
            "ref": null,
            "rendered": null,
            "type": [Function],
          },
        ],
        "type": [Function],
      },
      "type": [Function],
    },
    "type": [Function],
  },
  Symbol(enzyme.__nodes__): Array [
    Object {
      "instance": null,
      "key": undefined,
      "nodeType": "class",
      "props": Object {
        "children": <BrowserRouter>
          <styled.div>
                    <Route
                              component={[Function]}
                              exact={true}
                              path="/"
                    />
                    <Route
                              component={[Function]}
                              path="/search"
                    />
                    <Route
                              component={[Function]}
                              path="/tags"
                    />
                    <Route
                              component={[Function]}
                              path="/profile"
                    />
                    <Route
                              component={[Function]}
                              path="/create"
                    />
                    <Route
                              component={[Function]}
                              path="/recipe/:id"
                    />
                    <Navbar />
          </styled.div>
</BrowserRouter>,
        "store": Object {
          "dispatch": [Function],
          "getState": [Function],
          "replaceReducer": [Function],
          "subscribe": [Function],
          Symbol(observable): [Function],
        },
      },
      "ref": null,
      "rendered": Object {
        "instance": null,
        "key": undefined,
        "nodeType": "class",
        "props": Object {
          "children": <styled.div>
            <Route
                        component={[Function]}
                        exact={true}
                        path="/"
            />
            <Route
                        component={[Function]}
                        path="/search"
            />
            <Route
                        component={[Function]}
                        path="/tags"
            />
            <Route
                        component={[Function]}
                        path="/profile"
            />
            <Route
                        component={[Function]}
                        path="/create"
            />
            <Route
                        component={[Function]}
                        path="/recipe/:id"
            />
            <Navbar />
</styled.div>,
        },
        "ref": null,
        "rendered": Object {
          "instance": null,
          "key": undefined,
          "nodeType": "class",
          "props": Object {
            "children": Array [
              <Route
                component={[Function]}
                exact={true}
                path="/"
/>,
              <Route
                component={[Function]}
                path="/search"
/>,
              <Route
                component={[Function]}
                path="/tags"
/>,
              <Route
                component={[Function]}
                path="/profile"
/>,
              <Route
                component={[Function]}
                path="/create"
/>,
              <Route
                component={[Function]}
                path="/recipe/:id"
/>,
              <Navbar />,
            ],
          },
          "ref": null,
          "rendered": Array [
            Object {
              "instance": null,
              "key": undefined,
              "nodeType": "class",
              "props": Object {
                "component": [Function],
                "exact": true,
                "path": "/",
              },
              "ref": null,
              "rendered": null,
              "type": [Function],
            },
            Object {
              "instance": null,
              "key": undefined,
              "nodeType": "class",
              "props": Object {
                "component": [Function],
                "path": "/search",
              },
              "ref": null,
              "rendered": null,
              "type": [Function],
            },
            Object {
              "instance": null,
              "key": undefined,
              "nodeType": "class",
              "props": Object {
                "component": [Function],
                "path": "/tags",
              },
              "ref": null,
              "rendered": null,
              "type": [Function],
            },
            Object {
              "instance": null,
              "key": undefined,
              "nodeType": "class",
              "props": Object {
                "component": [Function],
                "path": "/profile",
              },
              "ref": null,
              "rendered": null,
              "type": [Function],
            },
            Object {
              "instance": null,
              "key": undefined,
              "nodeType": "class",
              "props": Object {
                "component": [Function],
                "path": "/create",
              },
              "ref": null,
              "rendered": null,
              "type": [Function],
            },
            Object {
              "instance": null,
              "key": undefined,
              "nodeType": "class",
              "props": Object {
                "component": [Function],
                "path": "/recipe/:id",
              },
              "ref": null,
              "rendered": null,
              "type": [Function],
            },
            Object {
              "instance": null,
              "key": undefined,
              "nodeType": "function",
              "props": Object {},
              "ref": null,
              "rendered": null,
              "type": [Function],
            },
          ],
          "type": [Function],
        },
        "type": [Function],
      },
      "type": [Function],
    },
  ],
  Symbol(enzyme.__options__): Object {
    "adapter": ReactSixteenAdapter {
      "options": Object {
        "enableComponentDidUpdateOnSetState": true,
      },
    },
  },
}
`;
